Using pre-set license
Built from '2022.3/staging' branch; Version is '2022.3.16f1 (d2c21f0ef2f1) revision 13812255'; Using compiler version '192829333'; Build Type 'Release'
OS: 'Windows 10  (10.0.19045) 64bit Enterprise' Language: 'en' Physical Memory: 15720 MB
BatchMode: 1, IsHumanControllingUs: 0, StartBugReporterOnCrash: 0, Is64bit: 1, IsPro: 1

COMMAND LINE ARGUMENTS:
C:\Program Files\Unity\Hub\Editor\2022.3.16f1\Editor\Unity.exe
-adb2
-batchMode
-noUpm
-name
AssetImportWorker2
-projectPath
C:/Users/amarougas/Desktop/RPG-Project
-logFile
Logs/AssetImportWorker2.log
-srvPort
60010
Successfully changed project path to: C:/Users/amarougas/Desktop/RPG-Project
C:/Users/amarougas/Desktop/RPG-Project
[UnityMemory] Configuration Parameters - Can be set up in boot.config
    "memorysetup-bucket-allocator-granularity=16"
    "memorysetup-bucket-allocator-bucket-count=8"
    "memorysetup-bucket-allocator-block-size=33554432"
    "memorysetup-bucket-allocator-block-count=8"
    "memorysetup-main-allocator-block-size=16777216"
    "memorysetup-thread-allocator-block-size=16777216"
    "memorysetup-gfx-main-allocator-block-size=16777216"
    "memorysetup-gfx-thread-allocator-block-size=16777216"
    "memorysetup-cache-allocator-block-size=4194304"
    "memorysetup-typetree-allocator-block-size=2097152"
    "memorysetup-profiler-bucket-allocator-granularity=16"
    "memorysetup-profiler-bucket-allocator-bucket-count=8"
    "memorysetup-profiler-bucket-allocator-block-size=33554432"
    "memorysetup-profiler-bucket-allocator-block-count=8"
    "memorysetup-profiler-allocator-block-size=16777216"
    "memorysetup-profiler-editor-allocator-block-size=1048576"
    "memorysetup-temp-allocator-size-main=16777216"
    "memorysetup-job-temp-allocator-block-size=2097152"
    "memorysetup-job-temp-allocator-block-size-background=1048576"
    "memorysetup-job-temp-allocator-reduction-small-platforms=262144"
    "memorysetup-allocator-temp-initial-block-size-main=262144"
    "memorysetup-allocator-temp-initial-block-size-worker=262144"
    "memorysetup-temp-allocator-size-background-worker=32768"
    "memorysetup-temp-allocator-size-job-worker=262144"
    "memorysetup-temp-allocator-size-preload-manager=33554432"
    "memorysetup-temp-allocator-size-nav-mesh-worker=65536"
    "memorysetup-temp-allocator-size-audio-worker=65536"
    "memorysetup-temp-allocator-size-cloud-worker=32768"
    "memorysetup-temp-allocator-size-gi-baking-worker=262144"
    "memorysetup-temp-allocator-size-gfx=262144"
Player connection [26164] Host "[IP] 192.168.105.185 [Port] 0 [Flags] 2 [Guid] 4174994207 [EditorId] 4174994207 [Version] 1048832 [Id] WindowsEditor(7,marougas) [Debug] 1 [PackageName] WindowsEditor [ProjectName] Editor" joined multi-casting on [225.0.0.222:54997]...

Player connection [26164] Host "[IP] 192.168.105.185 [Port] 0 [Flags] 2 [Guid] 4174994207 [EditorId] 4174994207 [Version] 1048832 [Id] WindowsEditor(7,marougas) [Debug] 1 [PackageName] WindowsEditor [ProjectName] Editor" joined alternative multi-casting on [225.0.0.222:34997]...

[Physics::Module] Initialized MultithreadedJobDispatcher with 15 workers.
Refreshing native plugins compatible for Editor in 15.63 ms, found 3 plugins.
Preloading 0 native plugins for Editor in 0.00 ms.
Initialize engine version: 2022.3.16f1 (d2c21f0ef2f1)
[Subsystems] Discovering subsystems at path C:/Program Files/Unity/Hub/Editor/2022.3.16f1/Editor/Data/Resources/UnitySubsystems
[Subsystems] Discovering subsystems at path C:/Users/amarougas/Desktop/RPG-Project/Assets
GfxDevice: creating device client; threaded=0; jobified=0
Direct3D:
    Version:  Direct3D 11.0 [level 11.1]
    Renderer: AMD Radeon (TM) Graphics (ID=0x15e7)
    Vendor:   ATI
    VRAM:     7860 MB
    Driver:   31.0.12028.2
Initialize mono
Mono path[0] = 'C:/Program Files/Unity/Hub/Editor/2022.3.16f1/Editor/Data/Managed'
Mono path[1] = 'C:/Program Files/Unity/Hub/Editor/2022.3.16f1/Editor/Data/MonoBleedingEdge/lib/mono/unityjit-win32'
Mono config path = 'C:/Program Files/Unity/Hub/Editor/2022.3.16f1/Editor/Data/MonoBleedingEdge/etc'
Using monoOptions --debugger-agent=transport=dt_socket,embedding=1,server=y,suspend=n,address=127.0.0.1:56504
Begin MonoManager ReloadAssembly
Registering precompiled unity dll's ...
Register platform support module: C:/Program Files/Unity/Hub/Editor/2022.3.16f1/Editor/Data/PlaybackEngines/AndroidPlayer/UnityEditor.Android.Extensions.dll
Register platform support module: C:/Program Files/Unity/Hub/Editor/2022.3.16f1/Editor/Data/PlaybackEngines/WindowsStandaloneSupport/UnityEditor.WindowsStandalone.Extensions.dll
Registered in 0.016261 seconds.
- Loaded All Assemblies, in  0.428 seconds
Native extension for WindowsStandalone target not found
Native extension for Android target not found
Android Extension - Scanning For ADB Devices 938 ms
Mono: successfully reloaded assembly
- Finished resetting the current domain, in  1.295 seconds
Domain Reload Profiling: 1720ms
	BeginReloadAssembly (132ms)
		ExecutionOrderSort (0ms)
		DisableScriptedObjects (0ms)
		BackupInstance (0ms)
		ReleaseScriptingObjects (0ms)
		CreateAndSetChildDomain (1ms)
	RebuildCommonClasses (49ms)
	RebuildNativeTypeToScriptingClass (12ms)
	initialDomainReloadingComplete (84ms)
	LoadAllAssembliesAndSetupDomain (148ms)
		LoadAssemblies (129ms)
		RebuildTransferFunctionScriptingTraits (0ms)
		AnalyzeDomain (145ms)
			TypeCache.Refresh (143ms)
				TypeCache.ScanAssembly (131ms)
			ScanForSourceGeneratedMonoScriptInfo (0ms)
			ResolveRequiredComponents (0ms)
	FinalizeReload (1295ms)
		ReleaseScriptCaches (0ms)
		RebuildScriptCaches (0ms)
		SetupLoadedEditorAssemblies (1240ms)
			LogAssemblyErrors (0ms)
			InitializePlatformSupportModulesInManaged (1059ms)
			SetLoadedEditorAssemblies (4ms)
			RefreshPlugins (0ms)
			BeforeProcessingInitializeOnLoad (2ms)
			ProcessInitializeOnLoadAttributes (131ms)
			ProcessInitializeOnLoadMethodAttributes (44ms)
			AfterProcessingInitializeOnLoad (0ms)
			EditorAssembliesLoaded (0ms)
		ExecutionOrderSort2 (0ms)
		AwakeInstancesAfterBackupRestoration (0ms)
========================================================================
Worker process is ready to serve import requests
Begin MonoManager ReloadAssembly
- Loaded All Assemblies, in  0.798 seconds
Refreshing native plugins compatible for Editor in 5.59 ms, found 3 plugins.
Native extension for WindowsStandalone target not found
Native extension for Android target not found
Package Manager log level set to [2]
[Package Manager] Server::EnsureServerProcessIsRunning -- launch failed, reason: Unity was launched with the -noUpm command-line argument
[Package Manager] UpmClient::Send -- Unable to send message (not connected to UPM process).
[Package Manager] Cannot connect to Unity Package Manager local server
Mono: successfully reloaded assembly
- Finished resetting the current domain, in  0.581 seconds
Domain Reload Profiling: 1374ms
	BeginReloadAssembly (171ms)
		ExecutionOrderSort (0ms)
		DisableScriptedObjects (5ms)
		BackupInstance (0ms)
		ReleaseScriptingObjects (0ms)
		CreateAndSetChildDomain (27ms)
	RebuildCommonClasses (31ms)
	RebuildNativeTypeToScriptingClass (9ms)
	initialDomainReloadingComplete (46ms)
	LoadAllAssembliesAndSetupDomain (535ms)
		LoadAssemblies (477ms)
		RebuildTransferFunctionScriptingTraits (0ms)
		AnalyzeDomain (163ms)
			TypeCache.Refresh (145ms)
				TypeCache.ScanAssembly (129ms)
			ScanForSourceGeneratedMonoScriptInfo (13ms)
			ResolveRequiredComponents (3ms)
	FinalizeReload (582ms)
		ReleaseScriptCaches (0ms)
		RebuildScriptCaches (0ms)
		SetupLoadedEditorAssemblies (433ms)
			LogAssemblyErrors (0ms)
			InitializePlatformSupportModulesInManaged (26ms)
			SetLoadedEditorAssemblies (4ms)
			RefreshPlugins (0ms)
			BeforeProcessingInitializeOnLoad (64ms)
			ProcessInitializeOnLoadAttributes (301ms)
			ProcessInitializeOnLoadMethodAttributes (25ms)
			AfterProcessingInitializeOnLoad (11ms)
			EditorAssembliesLoaded (0ms)
		ExecutionOrderSort2 (0ms)
		AwakeInstancesAfterBackupRestoration (6ms)
Launched and connected shader compiler UnityShaderCompiler.exe after 0.72 seconds
Refreshing native plugins compatible for Editor in 5.01 ms, found 3 plugins.
Preloading 0 native plugins for Editor in 0.00 ms.
Unloading 3128 Unused Serialized files (Serialized files now loaded: 0)
Unloading 32 unused Assets / (56.9 KB). Loaded Objects now: 3609.
Memory consumption went from 138.6 MB to 138.5 MB.
Total: 4.314300 ms (FindLiveObjects: 0.593000 ms CreateObjectMapping: 0.252400 ms MarkObjects: 3.333600 ms  DeleteObjects: 0.134000 ms)

AssetImportParameters requested are different than current active one (requested -> active):
  custom:container-demuxer-ogg: 62fdf1f143b41e24485cea50d1cbac27 -> 
  custom:video-codec-MediaFoundation-h265: 746d11721c4dcdbdad8f713fa42b33f4 -> 
  custom:video-decoder-ogg-theora: a1e56fd34408186e4bbccfd4996cb3dc -> 
  custom:framework-win-MediaFoundation: 216162199b28c13a410421893ffa2e32 -> 
  custom:CustomObjectIndexerAttribute: 43b350a4d6e6d1791af0b5038c4bea17 -> 
  custom:container-demuxer-webm: 4f35f7cbe854078d1ac9338744f61a02 -> 
  custom:container-muxer-webm: aa71ff27fc2769a1b78a27578f13a17b -> 
  custom:video-decoder-webm-vp8: 9c59270c3fd7afecdb556c50c9e8de78 -> 
  custom:SearchIndexIgnoredProperties: e643bd26f0fe6173181afceb89e7c659 -> 
  custom:AudioImporter_EditorPlatform: d09bf68614088b80899f8185d706f6e7 -> 
  custom:video-encoder-webm-vp8: eb34c28f22e8b96e1ab97ce403110664 -> 
  custom:audio-decoder-ogg-vorbis: bf7c407c2cedff20999df2af8eb42d56 -> 
  custom:audio-encoder-webm-vorbis: bf7c407c2cedff20999df2af8eb42d56 -> 
========================================================================
Received Import Request.
  Time since last request: 3645505.940770 seconds.
  path: Assets/NewLayer 2.terrainlayer
  artifactKey: Guid(28334ed5e4040de438b306140d09a838) Importer(815301076,1909f56bfc062723c751e8b465ee728b)
Start importing Assets/NewLayer 2.terrainlayer using Guid(28334ed5e4040de438b306140d09a838) Importer(815301076,1909f56bfc062723c751e8b465ee728b)  -> (artifact id: '6c682af61ebd156c99600c4369d6d506') in 0.073819 seconds
Number of updated asset objects reloaded before import = 0
Number of asset objects unloaded after import = 4
========================================================================
Received Import Request.
  Time since last request: 2.900675 seconds.
  path: Assets/NewLayer 2.terrainlayer
  artifactKey: Guid(28334ed5e4040de438b306140d09a838) Importer(815301076,1909f56bfc062723c751e8b465ee728b)
Start importing Assets/NewLayer 2.terrainlayer using Guid(28334ed5e4040de438b306140d09a838) Importer(815301076,1909f56bfc062723c751e8b465ee728b)  -> (artifact id: 'a8eff711022bc50023f069d229a29752') in 0.023543 seconds
Number of updated asset objects reloaded before import = 0
Number of asset objects unloaded after import = 4
========================================================================
Received Import Request.
  Time since last request: 43.341503 seconds.
  path: Assets/Asset Packs/Synty - Polygon Student Sample/Prefabs/SM_Bld_House_Roof_Wood_01.prefab
  artifactKey: Guid(2b98fd7ecd6a2024e863e0a87aba16c5) Importer(815301076,1909f56bfc062723c751e8b465ee728b)
Start importing Assets/Asset Packs/Synty - Polygon Student Sample/Prefabs/SM_Bld_House_Roof_Wood_01.prefab using Guid(2b98fd7ecd6a2024e863e0a87aba16c5) Importer(815301076,1909f56bfc062723c751e8b465ee728b)  -> (artifact id: '22540e2a97a8f541f8931ea6b07f6b40') in 0.066856 seconds
Number of updated asset objects reloaded before import = 0
Number of asset objects unloaded after import = 9
========================================================================
Received Import Request.
  Time since last request: 4.396596 seconds.
  path: Assets/Asset Packs/Synty - Polygon Student Sample/Textures
  artifactKey: Guid(69f0c89bdffd4d046a658488a10c71a9) Importer(815301076,1909f56bfc062723c751e8b465ee728b)
Start importing Assets/Asset Packs/Synty - Polygon Student Sample/Textures using Guid(69f0c89bdffd4d046a658488a10c71a9) Importer(815301076,1909f56bfc062723c751e8b465ee728b)  -> (artifact id: '575a00d2797fde03bbd1aa590aa496c3') in 0.000614 seconds
Number of updated asset objects reloaded before import = 0
Number of asset objects unloaded after import = 0
========================================================================
Received Import Request.
  Time since last request: 145.025211 seconds.
  path: Assets/NewLayer 2.terrainlayer
  artifactKey: Guid(28334ed5e4040de438b306140d09a838) Importer(815301076,1909f56bfc062723c751e8b465ee728b)
Start importing Assets/NewLayer 2.terrainlayer using Guid(28334ed5e4040de438b306140d09a838) Importer(815301076,1909f56bfc062723c751e8b465ee728b)  -> (artifact id: 'bf67e8d329908e9bd1f3ee9f596befc4') in 0.034297 seconds
Number of updated asset objects reloaded before import = 0
Number of asset objects unloaded after import = 5
========================================================================
Received Import Request.
  Time since last request: 62.726811 seconds.
  path: Assets/Materials/wood_table_1k.gltf
  artifactKey: Guid(88642b693715c8640be51b53ea8d3942) Importer(815301076,1909f56bfc062723c751e8b465ee728b)
Start importing Assets/Materials/wood_table_1k.gltf using Guid(88642b693715c8640be51b53ea8d3942) Importer(815301076,1909f56bfc062723c751e8b465ee728b)  -> (artifact id: '3530748ec7994ce0c452711d5e0ead8c') in 0.001421 seconds
Number of updated asset objects reloaded before import = 0
Number of asset objects unloaded after import = 1
========================================================================
Received Import Request.
  Time since last request: 105.123426 seconds.
  path: Assets/Textures/wood_table_diff_1k.jpg
  artifactKey: Guid(2a8084ec0eb9b7b4da5211e07ecc9236) Importer(815301076,1909f56bfc062723c751e8b465ee728b)
Start importing Assets/Textures/wood_table_diff_1k.jpg using Guid(2a8084ec0eb9b7b4da5211e07ecc9236) Importer(815301076,1909f56bfc062723c751e8b465ee728b)  -> (artifact id: '093f607f8849b683781ad1f7ea918566') in 0.020277 seconds
Number of updated asset objects reloaded before import = 0
Number of asset objects unloaded after import = 2
========================================================================
Received Import Request.
  Time since last request: 55.988506 seconds.
  path: Assets/Textures/wood_table_nor_gl_1k.jpg
  artifactKey: Guid(7dcca3644f847dc489cfa7b0967ea38d) Importer(815301076,1909f56bfc062723c751e8b465ee728b)
Start importing Assets/Textures/wood_table_nor_gl_1k.jpg using Guid(7dcca3644f847dc489cfa7b0967ea38d) Importer(815301076,1909f56bfc062723c751e8b465ee728b)  -> (artifact id: '3731d9258e3708c759e2a5fb84149f1a') in 0.014966 seconds
Number of updated asset objects reloaded before import = 0
Number of asset objects unloaded after import = 2
========================================================================
Received Import Request.
  Time since last request: 6.375884 seconds.
  path: Assets/Textures/wood_table_nor_gl_1k.jpg
  artifactKey: Guid(7dcca3644f847dc489cfa7b0967ea38d) Importer(815301076,1909f56bfc062723c751e8b465ee728b)
Start importing Assets/Textures/wood_table_nor_gl_1k.jpg using Guid(7dcca3644f847dc489cfa7b0967ea38d) Importer(815301076,1909f56bfc062723c751e8b465ee728b)  -> (artifact id: '4d00bd7e490af842dc438ec9a2ef22bb') in 0.013900 seconds
Number of updated asset objects reloaded before import = 0
Number of asset objects unloaded after import = 2
========================================================================
Received Import Request.
  Time since last request: 33.750100 seconds.
  path: Assets/New Terrain.asset
  artifactKey: Guid(8e064a919eba51e44b013b1cfd5ef2b2) Importer(815301076,1909f56bfc062723c751e8b465ee728b)
Start importing Assets/New Terrain.asset using Guid(8e064a919eba51e44b013b1cfd5ef2b2) Importer(815301076,1909f56bfc062723c751e8b465ee728b)  -> (artifact id: 'c27004bcc516686ff9c0b3d9a15e67ff') in 0.038964 seconds
Number of updated asset objects reloaded before import = 0
Number of asset objects unloaded after import = 3
========================================================================
Received Import Request.
  Time since last request: 128.535467 seconds.
  path: Assets/NewLayer 2.terrainlayer
  artifactKey: Guid(28334ed5e4040de438b306140d09a838) Importer(815301076,1909f56bfc062723c751e8b465ee728b)
Start importing Assets/NewLayer 2.terrainlayer using Guid(28334ed5e4040de438b306140d09a838) Importer(815301076,1909f56bfc062723c751e8b465ee728b)  -> (artifact id: 'fff2be3785092025c6f561e93f6d148b') in 0.001783 seconds
Number of updated asset objects reloaded before import = 0
Number of asset objects unloaded after import = 1
========================================================================
Received Import Request.
  Time since last request: 12.454548 seconds.
  path: Assets/Textures/rocky_terrain_02_arm_1k 1.jpg
  artifactKey: Guid(a6b1461c8d2227a449852b0423e43ff8) Importer(815301076,1909f56bfc062723c751e8b465ee728b)
Start importing Assets/Textures/rocky_terrain_02_arm_1k 1.jpg using Guid(a6b1461c8d2227a449852b0423e43ff8) Importer(815301076,1909f56bfc062723c751e8b465ee728b)  -> (artifact id: 'c19af386c8f022f578c47800e268018f') in 0.019526 seconds
Number of updated asset objects reloaded before import = 0
Number of asset objects unloaded after import = 2
========================================================================
Received Import Request.
  Time since last request: 0.000035 seconds.
  path: Assets/Textures/rocky_terrain_02_spec_1k 1.jpg
  artifactKey: Guid(13b1f7d6a5de6b044a74dcea8fc248ee) Importer(815301076,1909f56bfc062723c751e8b465ee728b)
Start importing Assets/Textures/rocky_terrain_02_spec_1k 1.jpg using Guid(13b1f7d6a5de6b044a74dcea8fc248ee) Importer(815301076,1909f56bfc062723c751e8b465ee728b)  -> (artifact id: '54f0591cfe40f6daef91e3c50eb73516') in 0.024207 seconds
Number of updated asset objects reloaded before import = 0
Number of asset objects unloaded after import = 2
